exports[`Spotify matches snapshot 1`] = `
<div>
  <div
    className="hero is-primary">
    <div
      className="hero-body">
      <div
        className="container">
        <h1
          className="title">
          Your listening trends
        </h1>
      </div>
    </div>
    <div
      className="hero-foot">
      <div
        className="container">
        <nav
          className="tabs is-boxed">
          <ul>
            <li
              className="">
              <a
                href="#"
                onClick={[Function]}>
                Generate playlists
              </a>
            </li>
            <li
              className="is-active">
              <a
                href="#"
                onClick={[Function]}>
                Listening trends
              </a>
            </li>
          </ul>
        </nav>
      </div>
    </div>
  </div>
  <section
    className="section">
    <div
      className="container"
      id="spotify-container">
      <div
        className="columns">
        <div
          className="column is-two-thirds is-offset-2" />
      </div>
    </div>
  </section>
</div>
`;
