exports[`WeekTrackList matches snapshot 1`] = `
<dl
  className="week-track-list">
  <dt
    className="title is-3">
    Week of February 12, 2017
    <span
      className="track-count">
      Saved 1 track
    </span>
  </dt>
  <dd>
    <ul>
      <li>
        <div
          className="columns">
          <div
            className="column">
            <a
              className="track-link"
              href="https://open.spotify.com/track/4nDfc6F2uVcc6wdG7kBzWO"
              rel="noopener noreferrer"
              target="_blank">
              <span
                className="track-name">
                Bom Bidi Bom
              </span>
              <span>
                 by 
              </span>
              <span
                className="track-artists">
                Nick Jonas, Nicki Minaj
              </span>
            </a>
            <a
              className="track-link"
              href="https://open.spotify.com/album/4RPo8gaqAbJksSE8JOIVLF"
              rel="noopener noreferrer"
              target="_blank">
              <span
                className="track-album">
                Fifty Shades Darker (Original Motion Picture Soundtrack)
              </span>
            </a>
            <span
              className="track-saved-at">
              Saved 
              2/17/2017
            </span>
            <p
              className="audio-features">
              <span
                style={
                  Object {
                    "color": "#e3b951",
                  }
                }
                title="52%">
                Energetic
              </span>
              <span
                className="loudness-quiet">
                -6.578
                 dB
              </span>
              <span
                style={
                  Object {
                    "color": "#004DD0",
                  }
                }
                title="19% positive">
                Negative
              </span>
            </p>
          </div>
        </div>
      </li>
    </ul>
  </dd>
</dl>
`;
